// Jest Snapshot v1, https://goo.gl/fbAQLP

exports[`App snapshot 1`] = `
<DocumentFragment>
  <nav
    class="container"
  >
    <a
      class="link"
      href="#/"
    >
      Jenico
    </a>
    <div />
    <a
      class="link"
      href="#/"
    >
      Home
    </a>
    <div />
    <a
      class="link"
      href="#/music"
    >
      Music
    </a>
    <div />
    <a
      class="link"
      href="#/contact"
    >
      Contact
    </a>
  </nav>
  <header
    class="container"
  >
    <div>
      <h1>
        Jenico
      </h1>
      <div>
        <a
          class="social"
          href="https://open.spotify.com/artist/6XqSoJQMIWNKBuLzzmJwiz"
          rel="noreferrer"
          target="_Blank"
        >
          <img
            alt="Spotify icon"
            src="Spotify.png"
          />
          <p>
            Spotify
          </p>
        </a>
        <a
          class="social"
          href="https://jenico.bandcamp.com/"
          rel="noreferrer"
          target="_Blank"
        >
          <img
            alt="Bandcamp icon"
            src="BandCamp.png"
          />
          <p>
            Bandcamp
          </p>
        </a>
        <a
          class="social"
          href="https://soundcloud.com/jenico_flac"
          rel="noreferrer"
          target="_Blank"
        >
          <img
            alt="Soundcloud icon"
            src="Soundcloud.png"
          />
          <p>
            Soundcloud
          </p>
        </a>
        <a
          class="social"
          href="https://www.youtube.com/channel/UCOHuR2EY8wKXsDcocxDvqOA"
          rel="noreferrer"
          target="_Blank"
        >
          <img
            alt="YouTube icon"
            src="Youtube.png"
          />
          <p>
            YouTube
          </p>
        </a>
        <a
          class="social"
          href="https://www.instagram.com/jenico.flac/"
          rel="noreferrer"
          target="_Blank"
        >
          <img
            alt="Instagram icon"
            src="Instagram.png"
          />
          <p>
            Instagram
          </p>
        </a>
      </div>
    </div>
  </header>
  <div
    class="container"
  >
    <video
      autoplay=""
      class="hide"
      data-testid="video"
      loop=""
      src="DreamingOfDetunedLove.mp4"
    />
  </div>
  <section
    class="container"
  >
    <audio
      data-testid="audio"
    />
    <div
      class="container"
    >
      <img
        alt="Where We End cover art"
        src="WhereWeEnd.png"
      />
      <div>
        <h3>
          Where We End
        </h3>
        <p>
          Where We End
        </p>
      </div>
    </div>
    <div
      class="center"
    >
      <input
        class="bar"
        data-testid="progress-bar"
        max="0"
        min="0"
        name="time"
        type="range"
        value="0"
      />
      <div
        class="belowBar"
      >
        <div
          class="container"
        >
          <p>
            0:00
          </p>
        </div>
        <div
          class="container"
        >
          <button>
            <img
              alt="skip backward"
              src="skip.png"
            />
          </button>
          <button>
            <img
              alt="play/pause"
              src="play.png"
            />
          </button>
          <button>
            <img
              alt="skip forward"
              src="skip.png"
            />
          </button>
        </div>
        <div
          class="container"
        >
          <p>
            0:00
          </p>
        </div>
      </div>
    </div>
    <div
      class="container"
    >
      <input
        max="100"
        min="0"
        name="volume"
        type="range"
        value="50"
      />
      <button>
        <img
          alt="volume"
          src="medium-volume.png"
        />
      </button>
    </div>
    <div
      class="container"
    >
      <div
        class="tracklist"
      >
        <img
          alt="Where We End cover art"
          src="WhereWeEnd.png"
        />
        <div>
          <button>
            &lt;
          </button>
          <h4>
            Where We End
          </h4>
          <button>
            &gt;
          </button>
        </div>
        <ul>
          <li
            class="highlight"
          >
            <button>
              Where We End
            </button>
          </li>
        </ul>
      </div>
      <button>
        <img
          alt="tracklist"
          src="menu.png"
        />
      </button>
    </div>
  </section>
</DocumentFragment>
`;
